// Jest Snapshot v1, https://goo.gl/fbAQLP

exports[`DanceFloor renders without crash 1`] = `
Object {
  "asFragment": [Function],
  "baseElement": <body>
    <div>
      <div
        class="form-container"
      >
        <h4>
          If you do not specify the configuration, the default values ​​taken from the API will be used
        </h4>
        <div>
          <input
            class="input"
            name="columns"
            placeholder="Set column quantity"
            type="number"
            value=""
          />
          <input
            class="input"
            name="rows"
            placeholder="Set row quantity"
            type="number"
            value=""
          />
          <button
            class="button"
          >
            Generate
          </button>
        </div>
      </div>
      <canvas
        class="canvas"
        width="500"
      />
    </div>
  </body>,
  "container": <div>
    <div
      class="form-container"
    >
      <h4>
        If you do not specify the configuration, the default values ​​taken from the API will be used
      </h4>
      <div>
        <input
          class="input"
          name="columns"
          placeholder="Set column quantity"
          type="number"
          value=""
        />
        <input
          class="input"
          name="rows"
          placeholder="Set row quantity"
          type="number"
          value=""
        />
        <button
          class="button"
        >
          Generate
        </button>
      </div>
    </div>
    <canvas
      class="canvas"
      width="500"
    />
  </div>,
  "debug": [Function],
  "findAllByAltText": [Function],
  "findAllByDisplayValue": [Function],
  "findAllByLabelText": [Function],
  "findAllByPlaceholderText": [Function],
  "findAllByRole": [Function],
  "findAllByTestId": [Function],
  "findAllByText": [Function],
  "findAllByTitle": [Function],
  "findByAltText": [Function],
  "findByDisplayValue": [Function],
  "findByLabelText": [Function],
  "findByPlaceholderText": [Function],
  "findByRole": [Function],
  "findByTestId": [Function],
  "findByText": [Function],
  "findByTitle": [Function],
  "getAllByAltText": [Function],
  "getAllByDisplayValue": [Function],
  "getAllByLabelText": [Function],
  "getAllByPlaceholderText": [Function],
  "getAllByRole": [Function],
  "getAllByTestId": [Function],
  "getAllByText": [Function],
  "getAllByTitle": [Function],
  "getByAltText": [Function],
  "getByDisplayValue": [Function],
  "getByLabelText": [Function],
  "getByPlaceholderText": [Function],
  "getByRole": [Function],
  "getByTestId": [Function],
  "getByText": [Function],
  "getByTitle": [Function],
  "queryAllByAltText": [Function],
  "queryAllByDisplayValue": [Function],
  "queryAllByLabelText": [Function],
  "queryAllByPlaceholderText": [Function],
  "queryAllByRole": [Function],
  "queryAllByTestId": [Function],
  "queryAllByText": [Function],
  "queryAllByTitle": [Function],
  "queryByAltText": [Function],
  "queryByDisplayValue": [Function],
  "queryByLabelText": [Function],
  "queryByPlaceholderText": [Function],
  "queryByRole": [Function],
  "queryByTestId": [Function],
  "queryByText": [Function],
  "queryByTitle": [Function],
  "rerender": [Function],
  "unmount": [Function],
}
`;
